// Jest Snapshot v1, https://goo.gl/fbAQLP

exports[`<RestaurantTile /> spec renders the component 1`] = `undefined`;
