// Jest Snapshot v1, https://goo.gl/fbAQLP

exports[`<CategoryList /> spec renders the component 1`] = `undefined`;
