// Jest Snapshot v1, https://goo.gl/fbAQLP

exports[`<ShowMoreTile /> spec renders the component 1`] = `undefined`;
